Archive member included to satisfy reference by file (symbol)

e:/cubeide/stm32cubeide_1.4.0/stm32cubeide/plugins/com.st.stm32cube.ide.mcu.externaltools.gnu-tools-for-stm32.7-2018-q2-update.win32_1.4.0.202007081208/tools/bin/../lib/gcc/arm-none-eabi/7.3.1/../../../../arm-none-eabi/lib/thumb/v7-m\libc_nano.a(lib_a-errno.o)
                              Src/syscalls.o (__errno)
e:/cubeide/stm32cubeide_1.4.0/stm32cubeide/plugins/com.st.stm32cube.ide.mcu.externaltools.gnu-tools-for-stm32.7-2018-q2-update.win32_1.4.0.202007081208/tools/bin/../lib/gcc/arm-none-eabi/7.3.1/../../../../arm-none-eabi/lib/thumb/v7-m\libc_nano.a(lib_a-exit.o)
                              e:/cubeide/stm32cubeide_1.4.0/stm32cubeide/plugins/com.st.stm32cube.ide.mcu.externaltools.gnu-tools-for-stm32.7-2018-q2-update.win32_1.4.0.202007081208/tools/bin/../lib/gcc/arm-none-eabi/7.3.1/../../../../arm-none-eabi/lib/thumb/v7-m/crt0.o (exit)
e:/cubeide/stm32cubeide_1.4.0/stm32cubeide/plugins/com.st.stm32cube.ide.mcu.externaltools.gnu-tools-for-stm32.7-2018-q2-update.win32_1.4.0.202007081208/tools/bin/../lib/gcc/arm-none-eabi/7.3.1/../../../../arm-none-eabi/lib/thumb/v7-m\libc_nano.a(lib_a-impure.o)
                              e:/cubeide/stm32cubeide_1.4.0/stm32cubeide/plugins/com.st.stm32cube.ide.mcu.externaltools.gnu-tools-for-stm32.7-2018-q2-update.win32_1.4.0.202007081208/tools/bin/../lib/gcc/arm-none-eabi/7.3.1/../../../../arm-none-eabi/lib/thumb/v7-m\libc_nano.a(lib_a-exit.o) (_global_impure_ptr)
e:/cubeide/stm32cubeide_1.4.0/stm32cubeide/plugins/com.st.stm32cube.ide.mcu.externaltools.gnu-tools-for-stm32.7-2018-q2-update.win32_1.4.0.202007081208/tools/bin/../lib/gcc/arm-none-eabi/7.3.1/../../../../arm-none-eabi/lib/thumb/v7-m\libc_nano.a(lib_a-init.o)
                              e:/cubeide/stm32cubeide_1.4.0/stm32cubeide/plugins/com.st.stm32cube.ide.mcu.externaltools.gnu-tools-for-stm32.7-2018-q2-update.win32_1.4.0.202007081208/tools/bin/../lib/gcc/arm-none-eabi/7.3.1/../../../../arm-none-eabi/lib/thumb/v7-m/crt0.o (__libc_init_array)
e:/cubeide/stm32cubeide_1.4.0/stm32cubeide/plugins/com.st.stm32cube.ide.mcu.externaltools.gnu-tools-for-stm32.7-2018-q2-update.win32_1.4.0.202007081208/tools/bin/../lib/gcc/arm-none-eabi/7.3.1/../../../../arm-none-eabi/lib/thumb/v7-m\libc_nano.a(lib_a-memset.o)
                              e:/cubeide/stm32cubeide_1.4.0/stm32cubeide/plugins/com.st.stm32cube.ide.mcu.externaltools.gnu-tools-for-stm32.7-2018-q2-update.win32_1.4.0.202007081208/tools/bin/../lib/gcc/arm-none-eabi/7.3.1/../../../../arm-none-eabi/lib/thumb/v7-m/crt0.o (memset)

Allocating common symbols
Common symbol       size              file

Global_SPI_Config2  0x18              Stm32_F103C6_Drivers/stm32f103x8_SPI_Drver.o
DoorLock_indication_RP_SR_DoorState_DoorState
                    0x1               AUTOSAR_Implementation/RTE_gen/Rte_DoorLock_indication_SWC.o
PinCfg              0x4               HAL/lcd.o
Global_SPI_Config1  0x18              Stm32_F103C6_Drivers/stm32f103x8_SPI_Drver.o
ReadDoorSensor_PP_SR_DoorState
                    0x1               AUTOSAR_Implementation/RTE_gen/Rte_DoorLock_indication_SWC.o
GP_IRQ_CallBack     0x3c              Stm32_F103C6_Drivers/stm32f103x8_EXTI_driver.o

Discarded input sections

 .text          0x0000000000000000        0x0 e:/cubeide/stm32cubeide_1.4.0/stm32cubeide/plugins/com.st.stm32cube.ide.mcu.externaltools.gnu-tools-for-stm32.7-2018-q2-update.win32_1.4.0.202007081208/tools/bin/../lib/gcc/arm-none-eabi/7.3.1/thumb/v7-m/crti.o
 .data          0x0000000000000000        0x0 e:/cubeide/stm32cubeide_1.4.0/stm32cubeide/plugins/com.st.stm32cube.ide.mcu.externaltools.gnu-tools-for-stm32.7-2018-q2-update.win32_1.4.0.202007081208/tools/bin/../lib/gcc/arm-none-eabi/7.3.1/thumb/v7-m/crti.o
 .bss           0x0000000000000000        0x0 e:/cubeide/stm32cubeide_1.4.0/stm32cubeide/plugins/com.st.stm32cube.ide.mcu.externaltools.gnu-tools-for-stm32.7-2018-q2-update.win32_1.4.0.202007081208/tools/bin/../lib/gcc/arm-none-eabi/7.3.1/thumb/v7-m/crti.o
 .data          0x0000000000000000        0x4 e:/cubeide/stm32cubeide_1.4.0/stm32cubeide/plugins/com.st.stm32cube.ide.mcu.externaltools.gnu-tools-for-stm32.7-2018-q2-update.win32_1.4.0.202007081208/tools/bin/../lib/gcc/arm-none-eabi/7.3.1/thumb/v7-m/crtbegin.o
 .text          0x0000000000000000       0x74 e:/cubeide/stm32cubeide_1.4.0/stm32cubeide/plugins/com.st.stm32cube.ide.mcu.externaltools.gnu-tools-for-stm32.7-2018-q2-update.win32_1.4.0.202007081208/tools/bin/../lib/gcc/arm-none-eabi/7.3.1/../../../../arm-none-eabi/lib/thumb/v7-m/crt0.o
 .data          0x0000000000000000        0x0 e:/cubeide/stm32cubeide_1.4.0/stm32cubeide/plugins/com.st.stm32cube.ide.mcu.externaltools.gnu-tools-for-stm32.7-2018-q2-update.win32_1.4.0.202007081208/tools/bin/../lib/gcc/arm-none-eabi/7.3.1/../../../../arm-none-eabi/lib/thumb/v7-m/crt0.o
[...]
Memory Configuration

Name             Origin             Length             Attributes
RAM              0x0000000020000000 0x0000000000002800 xrw
ROM              0x0000000008000000 0x0000000000008000 xr
*default*        0x0000000000000000 0xffffffffffffffff

Linker script and memory map

LOAD e:/cubeide/stm32cubeide_1.4.0/stm32cubeide/plugins/com.st.stm32cube.ide.mcu.externaltools.gnu-tools-for-stm32.7-2018-q2-update.win32_1.4.0.202007081208/tools/bin/../lib/gcc/arm-none-eabi/7.3.1/thumb/v7-m/crti.o
LOAD e:/cubeide/stm32cubeide_1.4.0/stm32cubeide/plugins/com.st.stm32cube.ide.mcu.externaltools.gnu-tools-for-stm32.7-2018-q2-update.win32_1.4.0.202007081208/tools/bin/../lib/gcc/arm-none-eabi/7.3.1/thumb/v7-m/crtbegin.o
LOAD e:/cubeide/stm32cubeide_1.4.0/stm32cubeide/plugins/com.st.stm32cube.ide.mcu.externaltools.gnu-tools-for-stm32.7-2018-q2-update.win32_1.4.0.202007081208/tools/bin/../lib/gcc/arm-none-eabi/7.3.1/../../../../arm-none-eabi/lib/thumb/v7-m/crt0.o
LOAD AUTOSAR_Implementation/DIO.o
LOAD AUTOSAR_Implementation/RTE_gen/DoorLock_indication_SWC.o
LOAD AUTOSAR_Implementation/RTE_gen/DoorSensorAbstractionSWC.o
LOAD AUTOSAR_Implementation/RTE_gen/Rte_DoorLock_indication_SWC.o
LOAD AUTOSAR_Implementation/RTE_gen/Rte_DoorSensorAbstractionSWC.o
LOAD HAL/I2C_Slave_EEPROM.o
LOAD HAL/keypad.o
LOAD HAL/lcd.o
LOAD Src/main.o
LOAD Src/syscalls.o
LOAD Src/sysmem.o
LOAD Startup/startup_stm32f103c6tx.o
LOAD Stm32_F103C6_Drivers/GPIO/stm32f103x8_gpio_driver.o
LOAD Stm32_F103C6_Drivers/stm32f103x8_EXTI_driver.o
LOAD Stm32_F103C6_Drivers/stm32f103x8_I2C_Drver.o
LOAD Stm32_F103C6_Drivers/stm32f103x8_RCC_driver.o
LOAD Stm32_F103C6_Drivers/stm32f103x8_SPI_Drver.o
LOAD Stm32_F103C6_Drivers/stm32f103x8_USART_driver.o
START GROUP
LOAD e:/cubeide/stm32cubeide_1.4.0/stm32cubeide/plugins/com.st.stm32cube.ide.mcu.externaltools.gnu-tools-for-stm32.7-2018-q2-update.win32_1.4.0.202007081208/tools/bin/../lib/gcc/arm-none-eabi/7.3.1/../../../../arm-none-eabi/lib/thumb/v7-m\libc_nano.a
LOAD e:/cubeide/stm32cubeide_1.4.0/stm32cubeide/plugins/com.st.stm32cube.ide.mcu.externaltools.gnu-tools-for-stm32.7-2018-q2-update.win32_1.4.0.202007081208/tools/bin/../lib/gcc/arm-none-eabi/7.3.1/../../../../arm-none-eabi/lib/thumb/v7-m\libm.a
END GROUP
START GROUP
LOAD e:/cubeide/stm32cubeide_1.4.0/stm32cubeide/plugins/com.st.stm32cube.ide.mcu.externaltools.gnu-tools-for-stm32.7-2018-q2-update.win32_1.4.0.202007081208/tools/bin/../lib/gcc/arm-none-eabi/7.3.1/thumb/v7-m\libgcc.a
LOAD e:/cubeide/stm32cubeide_1.4.0/stm32cubeide/plugins/com.st.stm32cube.ide.mcu.externaltools.gnu-tools-for-stm32.7-2018-q2-update.win32_1.4.0.202007081208/tools/bin/../lib/gcc/arm-none-eabi/7.3.1/../../../../arm-none-eabi/lib/thumb/v7-m\libg_nano.a
LOAD e:/cubeide/stm32cubeide_1.4.0/stm32cubeide/plugins/com.st.stm32cube.ide.mcu.externaltools.gnu-tools-for-stm32.7-2018-q2-update.win32_1.4.0.202007081208/tools/bin/../lib/gcc/arm-none-eabi/7.3.1/../../../../arm-none-eabi/lib/thumb/v7-m\libc_nano.a
END GROUP
START GROUP
LOAD e:/cubeide/stm32cubeide_1.4.0/stm32cubeide/plugins/com.st.stm32cube.ide.mcu.externaltools.gnu-tools-for-stm32.7-2018-q2-update.win32_1.4.0.202007081208/tools/bin/../lib/gcc/arm-none-eabi/7.3.1/thumb/v7-m\libgcc.a
LOAD e:/cubeide/stm32cubeide_1.4.0/stm32cubeide/plugins/com.st.stm32cube.ide.mcu.externaltools.gnu-tools-for-stm32.7-2018-q2-update.win32_1.4.0.202007081208/tools/bin/../lib/gcc/arm-none-eabi/7.3.1/../../../../arm-none-eabi/lib/thumb/v7-m\libc_nano.a
LOAD e:/cubeide/stm32cubeide_1.4.0/stm32cubeide/plugins/com.st.stm32cube.ide.mcu.externaltools.gnu-tools-for-stm32.7-2018-q2-update.win32_1.4.0.202007081208/tools/bin/../lib/gcc/arm-none-eabi/7.3.1/../../../../arm-none-eabi/lib/thumb/v7-m\libnosys.a
END GROUP
START GROUP
LOAD e:/cubeide/stm32cubeide_1.4.0/stm32cubeide/plugins/com.st.stm32cube.ide.mcu.externaltools.gnu-tools-for-stm32.7-2018-q2-update.win32_1.4.0.202007081208/tools/bin/../lib/gcc/arm-none-eabi/7.3.1/thumb/v7-m\libgcc.a
LOAD e:/cubeide/stm32cubeide_1.4.0/stm32cubeide/plugins/com.st.stm32cube.ide.mcu.externaltools.gnu-tools-for-stm32.7-2018-q2-update.win32_1.4.0.202007081208/tools/bin/../lib/gcc/arm-none-eabi/7.3.1/../../../../arm-none-eabi/lib/thumb/v7-m\libc_nano.a
LOAD e:/cubeide/stm32cubeide_1.4.0/stm32cubeide/plugins/com.st.stm32cube.ide.mcu.externaltools.gnu-tools-for-stm32.7-2018-q2-update.win32_1.4.0.202007081208/tools/bin/../lib/gcc/arm-none-eabi/7.3.1/../../../../arm-none-eabi/lib/thumb/v7-m\libnosys.a
END GROUP
LOAD e:/cubeide/stm32cubeide_1.4.0/stm32cubeide/plugins/com.st.stm32cube.ide.mcu.externaltools.gnu-tools-for-stm32.7-2018-q2-update.win32_1.4.0.202007081208/tools/bin/../lib/gcc/arm-none-eabi/7.3.1/thumb/v7-m/crtend.o
LOAD e:/cubeide/stm32cubeide_1.4.0/stm32cubeide/plugins/com.st.stm32cube.ide.mcu.externaltools.gnu-tools-for-stm32.7-2018-q2-update.win32_1.4.0.202007081208/tools/bin/../lib/gcc/arm-none-eabi/7.3.1/thumb/v7-m/crtn.o
                0x0000000020002800                _estack = (ORIGIN (RAM) + LENGTH (RAM))
                0x0000000000000200                _Min_Heap_Size = 0x200
                0x0000000000000400                _Min_Stack_Size = 0x400

.isr_vector     0x0000000008000000      0x130
                0x0000000008000000                . = ALIGN (0x4)
 *(.isr_vector)
 .isr_vector    0x0000000008000000      0x130 Startup/startup_stm32f103c6tx.o
                0x0000000008000000                g_pfnVectors
                0x0000000008000130                . = ALIGN (0x4)

.text           0x0000000008000130      0xa80
                0x0000000008000130                . = ALIGN (0x4)
 *(.text)
 .text          0x0000000008000130       0x40 e:/cubeide/stm32cubeide_1.4.0/stm32cubeide/plugins/com.st.stm32cube.ide.mcu.externaltools.gnu-tools-for-stm32.7-2018-q2-update.win32_1.4.0.202007081208/tools/bin/../lib/gcc/arm-none-eabi/7.3.1/thumb/v7-m/crtbegin.o
 *(.text*)
 .text.Dio_ReadChannel
                0x0000000008000170       0x24 AUTOSAR_Implementation/DIO.o
                0x0000000008000170                Dio_ReadChannel
 .text.Dio_WriteChannel
                0x0000000008000194       0x2c AUTOSAR_Implementation/DIO.o
                0x0000000008000194                Dio_WriteChannel
 .text.DoorLock_indication_runnable
                0x00000000080001c0       0x2e AUTOSAR_Implementation/RTE_gen/DoorLock_indication_SWC.o
                0x00000000080001c0                DoorLock_indication_runnable
 .text.Led_Switch_runnable
                0x00000000080001ee       0x38 AUTOSAR_Implementation/RTE_gen/DoorSensorAbstractionSWC.o
                0x00000000080001ee                Led_Switch_runnable
 .text.ReadDoorSensor_runnable
                0x0000000008000226       0x24 AUTOSAR_Implementation/RTE_gen/DoorSensorAbstractionSWC.o
                0x0000000008000226                ReadDoorSensor_runnable
 *fill*         0x000000000800024a        0x2 
 .text.Rte_IRead_DoorLock_indication_SWC_DoorLock_indication_RP_SR_DoorState_DoorState
                0x000000000800024c       0x18 AUTOSAR_Implementation/RTE_gen/Rte_DoorLock_indication_SWC.o
                0x000000000800024c                Rte_IRead_DoorLock_indication_SWC_DoorLock_indication_RP_SR_DoorState_DoorState
 .text.Rte_Call_DoorLock_indication_SWC_RP_CS_Led_Switch_Led_Switch
                0x0000000008000264       0x40 AUTOSAR_Implementation/RTE_gen/Rte_DoorLock_indication_SWC.o
                0x0000000008000264                Rte_Call_DoorLock_indication_SWC_RP_CS_Led_Switch_Led_Switch
 .text.Rte_IWrite_DoorSensorAbstractionSWC_ReadDoorSensor_PP_SR_DoorState
                0x00000000080002a4       0x20 AUTOSAR_Implementation/RTE_gen/Rte_DoorSensorAbstractionSWC.o
                0x00000000080002a4                Rte_IWrite_DoorSensorAbstractionSWC_ReadDoorSensor_PP_SR_DoorState
 .text.wait_cycles
                0x00000000080002c4       0x2c Src/main.o
                0x00000000080002c4                wait_cycles
 .text.MCU_init
                0x00000000080002f0       0x4c Src/main.o
                0x00000000080002f0                MCU_init
 .text.StartOS  0x000000000800033c       0x3a Src/main.o
                0x000000000800033c                StartOS
 .text.main     0x0000000008000376        0xe Src/main.o
                0x0000000008000376                main
 .text.Reset_Handler
                0x0000000008000384       0x50 Startup/startup_stm32f103c6tx.o
                0x0000000008000384                Reset_Handler
 .text.Default_Handler
                0x00000000080003d4        0x2 Startup/startup_stm32f103c6tx.o
                0x00000000080003d4                TIM8_TRG_COM_IRQHandler
                0x00000000080003d4                TIM8_CC_IRQHandler
                0x00000000080003d4                DebugMon_Handler
                0x00000000080003d4                TIM1_CC_IRQHandler
                0x00000000080003d4                HardFault_Handler
                0x00000000080003d4                TIM6_IRQHandler
                0x00000000080003d4                SysTick_Handler
                0x00000000080003d4                PVD_IRQHandler
                0x00000000080003d4                SDIO_IRQHandler
                0x00000000080003d4                PendSV_Handler
                0x00000000080003d4                NMI_Handler
                0x00000000080003d4                USB_HP_CAN_TX_IRQHandler
                0x00000000080003d4                UsageFault_Handler
                0x00000000080003d4                ADC1_2_IRQHandler
                0x00000000080003d4                CAN_SCE_IRQHandler
                0x00000000080003d4                TAMPER_IRQHandler
                0x00000000080003d4                TIM8_UP_IRQHandler
                0x00000000080003d4                DMA2_Channel2_IRQHandler
                0x00000000080003d4                DMA1_Channel4_IRQHandler
                0x00000000080003d4                RTC_IRQHandler
                0x00000000080003d4                DMA1_Channel7_IRQHandler
                0x00000000080003d4                UART5_IRQHandler
                0x00000000080003d4                ADC3_IRQHandler
                0x00000000080003d4                TIM4_IRQHandler
                0x00000000080003d4                CAN_RX1_IRQHandler
                0x00000000080003d4                DMA2_Channel1_IRQHandler
                0x00000000080003d4                DMA1_Channel6_IRQHandler
                0x00000000080003d4                UART4_IRQHandler
                0x00000000080003d4                TIM3_IRQHandler
                0x00000000080003d4                RCC_IRQHandler
                0x00000000080003d4                TIM1_TRG_COM_IRQHandler
                0x00000000080003d4                DMA1_Channel1_IRQHandler
                0x00000000080003d4                Default_Handler
                0x00000000080003d4                TIM7_IRQHandler
                0x00000000080003d4                TIM5_IRQHandler
                0x00000000080003d4                USB_LP_CAN_RX0_IRQHandler
                0x00000000080003d4                MemManage_Handler
                0x00000000080003d4                SVC_Handler
                0x00000000080003d4                DMA1_Channel5_IRQHandler
                0x00000000080003d4                DMA1_Channel3_IRQHandler
                0x00000000080003d4                FSMC_IRQHandler
                0x00000000080003d4                TIM1_UP_IRQHandler
                0x00000000080003d4                WWDG_IRQHandler
                0x00000000080003d4                TIM2_IRQHandler
                0x00000000080003d4                TIM1_BRK_IRQHandler
                0x00000000080003d4                RTCAlarm_IRQHandler
                0x00000000080003d4                DMA2_Channel4_5_IRQHandler
                0x00000000080003d4                DMA1_Channel2_IRQHandler
                0x00000000080003d4                TIM8_BRK_IRQHandler
                0x00000000080003d4                FLASH_IRQHandler
                0x00000000080003d4                BusFault_Handler
                0x00000000080003d4                SPI3_IRQHandler
                0x00000000080003d4                DMA2_Channel3_IRQHandler
 .text.Get_CRLH_Position
                0x00000000080003d6       0xc6 Stm32_F103C6_Drivers/GPIO/stm32f103x8_gpio_driver.o
                0x00000000080003d6                Get_CRLH_Position
 .text.MCAL_GPIO_Init
                0x000000000800049c      0x154 Stm32_F103C6_Drivers/GPIO/stm32f103x8_gpio_driver.o
                0x000000000800049c                MCAL_GPIO_Init
 .text.MCAL_GPIO_ReadPin
                0x00000000080005f0       0x2e Stm32_F103C6_Drivers/GPIO/stm32f103x8_gpio_driver.o
                0x00000000080005f0                MCAL_GPIO_ReadPin
 .text.MCAL_GPIO_WritePin
                0x000000000800061e       0x2e Stm32_F103C6_Drivers/GPIO/stm32f103x8_gpio_driver.o
                0x000000000800061e                MCAL_GPIO_WritePin
 .text.EXTI0_IRQHandler
                0x000000000800064c       0x24 Stm32_F103C6_Drivers/stm32f103x8_EXTI_driver.o
                0x000000000800064c                EXTI0_IRQHandler
 .text.EXTI1_IRQHandler
                0x0000000008000670       0x24 Stm32_F103C6_Drivers/stm32f103x8_EXTI_driver.o
                0x0000000008000670                EXTI1_IRQHandler
 .text.EXTI2_IRQHandler
                0x0000000008000694       0x24 Stm32_F103C6_Drivers/stm32f103x8_EXTI_driver.o
                0x0000000008000694                EXTI2_IRQHandler
 .text.EXTI3_IRQHandler
                0x00000000080006b8       0x24 Stm32_F103C6_Drivers/stm32f103x8_EXTI_driver.o
                0x00000000080006b8                EXTI3_IRQHandler
 .text.EXTI4_IRQHandler
                0x00000000080006dc       0x24 Stm32_F103C6_Drivers/stm32f103x8_EXTI_driver.o
                0x00000000080006dc                EXTI4_IRQHandler
 .text.EXTI9_5_IRQHandler
                0x0000000008000700       0xa8 Stm32_F103C6_Drivers/stm32f103x8_EXTI_driver.o
                0x0000000008000700                EXTI9_5_IRQHandler
 .text.EXTI15_10_IRQHandler
                0x00000000080007a8       0xc4 Stm32_F103C6_Drivers/stm32f103x8_EXTI_driver.o
                0x00000000080007a8                EXTI15_10_IRQHandler
 .text.I2C1_ER_IRQHandler
                0x000000000800086c        0xc Stm32_F103C6_Drivers/stm32f103x8_I2C_Drver.o
                0x000000000800086c                I2C1_ER_IRQHandler
 .text.I2C1_EV_IRQHandler
                0x0000000008000878       0xec Stm32_F103C6_Drivers/stm32f103x8_I2C_Drver.o
                0x0000000008000878                I2C1_EV_IRQHandler
 .text.Slave_States
                0x0000000008000964       0xe0 Stm32_F103C6_Drivers/stm32f103x8_I2C_Drver.o
                0x0000000008000964                Slave_States
 .text.I2C2_ER_IRQHandler
                0x0000000008000a44        0xc Stm32_F103C6_Drivers/stm32f103x8_I2C_Drver.o
                0x0000000008000a44                I2C2_ER_IRQHandler
 .text.I2C2_EV_IRQHandler
                0x0000000008000a50        0xc Stm32_F103C6_Drivers/stm32f103x8_I2C_Drver.o
                0x0000000008000a50                I2C2_EV_IRQHandler
 .text.SPI1_IRQHandler
                0x0000000008000a5c       0x5c Stm32_F103C6_Drivers/stm32f103x8_SPI_Drver.o
                0x0000000008000a5c                SPI1_IRQHandler
 .text.SPI2_IRQHandler
                0x0000000008000ab8       0x5c Stm32_F103C6_Drivers/stm32f103x8_SPI_Drver.o
                0x0000000008000ab8                SPI2_IRQHandler
 .text.USART1_IRQHandler
                0x0000000008000b14       0x14 Stm32_F103C6_Drivers/stm32f103x8_USART_driver.o
                0x0000000008000b14                USART1_IRQHandler
 .text.USART2_IRQHandler
                0x0000000008000b28       0x14 Stm32_F103C6_Drivers/stm32f103x8_USART_driver.o
                0x0000000008000b28                USART2_IRQHandler
 .text.USART3_IRQHandler
                0x0000000008000b3c       0x14 Stm32_F103C6_Drivers/stm32f103x8_USART_driver.o
                0x0000000008000b3c                USART3_IRQHandler
 .text.__libc_init_array
                0x0000000008000b50       0x48 e:/cubeide/stm32cubeide_1.4.0/stm32cubeide/plugins/com.st.stm32cube.ide.mcu.externaltools.gnu-tools-for-stm32.7-2018-q2-update.win32_1.4.0.202007081208/tools/bin/../lib/gcc/arm-none-eabi/7.3.1/../../../../arm-none-eabi/lib/thumb/v7-m\libc_nano.a(lib_a-init.o)
                0x0000000008000b50                __libc_init_array
 *(.glue_7)
 .glue_7        0x0000000008000b98        0x0 linker stubs
 *(.glue_7t)
 .glue_7t       0x0000000008000b98        0x0 linker stubs
 *(.eh_frame)
 .eh_frame      0x0000000008000b98        0x0 e:/cubeide/stm32cubeide_1.4.0/stm32cubeide/plugins/com.st.stm32cube.ide.mcu.externaltools.gnu-tools-for-stm32.7-2018-q2-update.win32_1.4.0.202007081208/tools/bin/../lib/gcc/arm-none-eabi/7.3.1/thumb/v7-m/crtbegin.o
 *(.init)
 .init          0x0000000008000b98        0x4 e:/cubeide/stm32cubeide_1.4.0/stm32cubeide/plugins/com.st.stm32cube.ide.mcu.externaltools.gnu-tools-for-stm32.7-2018-q2-update.win32_1.4.0.202007081208/tools/bin/../lib/gcc/arm-none-eabi/7.3.1/thumb/v7-m/crti.o
                0x0000000008000b98                _init
 .init          0x0000000008000b9c        0x8 e:/cubeide/stm32cubeide_1.4.0/stm32cubeide/plugins/com.st.stm32cube.ide.mcu.externaltools.gnu-tools-for-stm32.7-2018-q2-update.win32_1.4.0.202007081208/tools/bin/../lib/gcc/arm-none-eabi/7.3.1/thumb/v7-m/crtn.o
 *(.fini)
 .fini          0x0000000008000ba4        0x4 e:/cubeide/stm32cubeide_1.4.0/stm32cubeide/plugins/com.st.stm32cube.ide.mcu.externaltools.gnu-tools-for-stm32.7-2018-q2-update.win32_1.4.0.202007081208/tools/bin/../lib/gcc/arm-none-eabi/7.3.1/thumb/v7-m/crti.o
                0x0000000008000ba4                _fini
 .fini          0x0000000008000ba8        0x8 e:/cubeide/stm32cubeide_1.4.0/stm32cubeide/plugins/com.st.stm32cube.ide.mcu.externaltools.gnu-tools-for-stm32.7-2018-q2-update.win32_1.4.0.202007081208/tools/bin/../lib/gcc/arm-none-eabi/7.3.1/thumb/v7-m/crtn.o
                0x0000000008000bb0                . = ALIGN (0x4)
                0x0000000008000bb0                _etext = .

.vfp11_veneer   0x0000000008000bb0        0x0
 .vfp11_veneer  0x0000000008000bb0        0x0 linker stubs

.v4_bx          0x0000000008000bb0        0x0
 .v4_bx         0x0000000008000bb0        0x0 linker stubs

.iplt           0x0000000008000bb0        0x0
 .iplt          0x0000000008000bb0        0x0 e:/cubeide/stm32cubeide_1.4.0/stm32cubeide/plugins/com.st.stm32cube.ide.mcu.externaltools.gnu-tools-for-stm32.7-2018-q2-update.win32_1.4.0.202007081208/tools/bin/../lib/gcc/arm-none-eabi/7.3.1/thumb/v7-m/crtbegin.o

.rodata         0x0000000008000bb0        0x8
                0x0000000008000bb0                . = ALIGN (0x4)
 *(.rodata)
 *(.rodata*)
 .rodata.Rte_Instance_DoorLock_indication_SWC
                0x0000000008000bb0        0x4 AUTOSAR_Implementation/RTE_gen/Rte_DoorLock_indication_SWC.o
                0x0000000008000bb0                Rte_Instance_DoorLock_indication_SWC
 .rodata.Rte_Instance_DoorSensorAbstractionSWC
                0x0000000008000bb4        0x4 AUTOSAR_Implementation/RTE_gen/Rte_DoorSensorAbstractionSWC.o
                0x0000000008000bb4                Rte_Instance_DoorSensorAbstractionSWC
                0x0000000008000bb8                . = ALIGN (0x4)

.rel.dyn        0x0000000008000bb8        0x0
 .rel.iplt      0x0000000008000bb8        0x0 e:/cubeide/stm32cubeide_1.4.0/stm32cubeide/plugins/com.st.stm32cube.ide.mcu.externaltools.gnu-tools-for-stm32.7-2018-q2-update.win32_1.4.0.202007081208/tools/bin/../lib/gcc/arm-none-eabi/7.3.1/thumb/v7-m/crtbegin.o

.ARM.extab      0x0000000008000bb8        0x0
                0x0000000008000bb8                . = ALIGN (0x4)
 *(.ARM.extab* .gnu.linkonce.armextab.*)
                0x0000000008000bb8                . = ALIGN (0x4)

.ARM            0x0000000008000bb8        0x0
                0x0000000008000bb8                . = ALIGN (0x4)
                0x0000000008000bb8                __exidx_start = .
 *(.ARM.exidx*)
                0x0000000008000bb8                __exidx_end = .
                0x0000000008000bb8                . = ALIGN (0x4)

.preinit_array  0x0000000008000bb8        0x0
                0x0000000008000bb8                . = ALIGN (0x4)
                0x0000000008000bb8                PROVIDE (__preinit_array_start = .)
 *(.preinit_array*)
                0x0000000008000bb8                PROVIDE (__preinit_array_end = .)
                0x0000000008000bb8                . = ALIGN (0x4)

.init_array     0x0000000008000bb8        0x4
                0x0000000008000bb8                . = ALIGN (0x4)
                0x0000000008000bb8                PROVIDE (__init_array_start = .)
 *(SORT_BY_NAME(.init_array.*))
 *(.init_array*)
 .init_array    0x0000000008000bb8        0x4 e:/cubeide/stm32cubeide_1.4.0/stm32cubeide/plugins/com.st.stm32cube.ide.mcu.externaltools.gnu-tools-for-stm32.7-2018-q2-update.win32_1.4.0.202007081208/tools/bin/../lib/gcc/arm-none-eabi/7.3.1/thumb/v7-m/crtbegin.o
                0x0000000008000bbc                PROVIDE (__init_array_end = .)
                0x0000000008000bbc                . = ALIGN (0x4)

.fini_array     0x0000000008000bbc        0x4
                0x0000000008000bbc                . = ALIGN (0x4)
                [!provide]                        PROVIDE (__fini_array_start = .)
 *(SORT_BY_NAME(.fini_array.*))
 *(.fini_array*)
 .fini_array    0x0000000008000bbc        0x4 e:/cubeide/stm32cubeide_1.4.0/stm32cubeide/plugins/com.st.stm32cube.ide.mcu.externaltools.gnu-tools-for-stm32.7-2018-q2-update.win32_1.4.0.202007081208/tools/bin/../lib/gcc/arm-none-eabi/7.3.1/thumb/v7-m/crtbegin.o
                [!provide]                        PROVIDE (__fini_array_end = .)
                0x0000000008000bc0                . = ALIGN (0x4)
                0x0000000008000bc0                _sidata = LOADADDR (.data)

.data           0x0000000020000000        0x0 load address 0x0000000008000bc0
                0x0000000020000000                . = ALIGN (0x4)
                0x0000000020000000                _sdata = .
 *(.data)
 *(.data*)
                0x0000000020000000                . = ALIGN (0x4)
                0x0000000020000000                _edata = .

.igot.plt       0x0000000020000000        0x0 load address 0x0000000008000bc0
 .igot.plt      0x0000000020000000        0x0 e:/cubeide/stm32cubeide_1.4.0/stm32cubeide/plugins/com.st.stm32cube.ide.mcu.externaltools.gnu-tools-for-stm32.7-2018-q2-update.win32_1.4.0.202007081208/tools/bin/../lib/gcc/arm-none-eabi/7.3.1/thumb/v7-m/crtbegin.o
                0x0000000020000000                . = ALIGN (0x4)

.bss            0x0000000020000000       0xbc load address 0x0000000008000bc0
                0x0000000020000000                _sbss = .
                0x0000000020000000                __bss_start__ = _sbss
 *(.bss)
 .bss           0x0000000020000000       0x1c e:/cubeide/stm32cubeide_1.4.0/stm32cubeide/plugins/com.st.stm32cube.ide.mcu.externaltools.gnu-tools-for-stm32.7-2018-q2-update.win32_1.4.0.202007081208/tools/bin/../lib/gcc/arm-none-eabi/7.3.1/thumb/v7-m/crtbegin.o
 *(.bss*)
 .bss.DoorLock_indication_SWC_RP_CS_Led_Switch_Led_Switch_Buffer_retcode
                0x000000002000001c        0x1 AUTOSAR_Implementation/RTE_gen/Rte_DoorLock_indication_SWC.o
                0x000000002000001c                DoorLock_indication_SWC_RP_CS_Led_Switch_Led_Switch_Buffer_retcode
 *fill*         0x000000002000001d        0x3 
 .bss.Rte_Call_DoorLock_indication_SWC_RP_CS_Led_Switch_Led_Switch_Delegate
                0x0000000020000020        0x4 AUTOSAR_Implementation/RTE_gen/Rte_DoorLock_indication_SWC.o
                0x0000000020000020                Rte_Call_DoorLock_indication_SWC_RP_CS_Led_Switch_Led_Switch_Delegate
 .bss.Global_I2C_Config
                0x0000000020000024       0x48 Stm32_F103C6_Drivers/stm32f103x8_I2C_Drver.o
                0x0000000020000024                Global_I2C_Config
 .bss.Global_SPI_Config
                0x000000002000006c        0x8 Stm32_F103C6_Drivers/stm32f103x8_SPI_Drver.o
                0x000000002000006c                Global_SPI_Config
 .bss.Global_UART_Config
                0x0000000020000074        0x4 Stm32_F103C6_Drivers/stm32f103x8_USART_driver.o
                0x0000000020000074                Global_UART_Config
 *(COMMON)
 COMMON         0x0000000020000078        0x5 AUTOSAR_Implementation/RTE_gen/Rte_DoorLock_indication_SWC.o
                0x0000000020000078                DoorLock_indication_RP_SR_DoorState_DoorState
                0x000000002000007c                ReadDoorSensor_PP_SR_DoorState
 *fill*         0x000000002000007d        0x3 
 COMMON         0x0000000020000080       0x3c Stm32_F103C6_Drivers/stm32f103x8_EXTI_driver.o
                0x0000000020000080                GP_IRQ_CallBack
                0x00000000200000bc                . = ALIGN (0x4)
                0x00000000200000bc                _ebss = .
                0x00000000200000bc                __bss_end__ = _ebss

._user_heap_stack
                0x00000000200000bc      0x604 load address 0x0000000008000bc0
                0x00000000200000c0                . = ALIGN (0x8)
 *fill*         0x00000000200000bc        0x4 
                [!provide]                        PROVIDE (end = .)
                0x00000000200000c0                PROVIDE (_end = .)
                0x00000000200002c0                . = (. + _Min_Heap_Size)
 *fill*         0x00000000200000c0      0x200 
                0x00000000200006c0                . = (. + _Min_Stack_Size)
 *fill*         0x00000000200002c0      0x400 
                0x00000000200006c0                . = ALIGN (0x8)

/DISCARD/
 libc.a(*)
 libm.a(*)
 libgcc.a(*)

.ARM.attributes
                0x0000000000000000       0x29
 *(.ARM.attributes)
 .ARM.attributes
                0x0000000000000000       0x1d e:/cubeide/stm32cubeide_1.4.0/stm32cubeide/plugins/com.st.stm32cube.ide.mcu.externaltools.gnu-tools-for-stm32.7-2018-q2-update.win32_1.4.0.202007081208/tools/bin/../lib/gcc/arm-none-eabi/7.3.1/thumb/v7-m/crti.o
 .ARM.attributes
                0x000000000000001d       0x2d e:/cubeide/stm32cubeide_1.4.0/stm32cubeide/plugins/com.st.stm32cube.ide.mcu.externaltools.gnu-tools-for-stm32.7-2018-q2-update.win32_1.4.0.202007081208/tools/bin/../lib/gcc/arm-none-eabi/7.3.1/thumb/v7-m/crtbegin.o
 .ARM.attributes
                0x000000000000004a       0x33 AUTOSAR_Implementation/DIO.o
 .ARM.attributes
                0x000000000000007d       0x33 AUTOSAR_Implementation/RTE_gen/DoorLock_indication_SWC.o
 .ARM.attributes
                0x00000000000000b0       0x33 AUTOSAR_Implementation/RTE_gen/DoorSensorAbstractionSWC.o
 .ARM.attributes
                0x00000000000000e3       0x33 AUTOSAR_Implementation/RTE_gen/Rte_DoorLock_indication_SWC.o
 .ARM.attributes
                0x0000000000000116       0x33 AUTOSAR_Implementation/RTE_gen/Rte_DoorSensorAbstractionSWC.o
 .ARM.attributes
                0x0000000000000149       0x33 Src/main.o
 .ARM.attributes
                0x000000000000017c       0x21 Startup/startup_stm32f103c6tx.o
 .ARM.attributes
                0x000000000000019d       0x33 Stm32_F103C6_Drivers/GPIO/stm32f103x8_gpio_driver.o
 .ARM.attributes
                0x00000000000001d0       0x33 Stm32_F103C6_Drivers/stm32f103x8_EXTI_driver.o
 .ARM.attributes
                0x0000000000000203       0x33 Stm32_F103C6_Drivers/stm32f103x8_I2C_Drver.o
 .ARM.attributes
                0x0000000000000236       0x33 Stm32_F103C6_Drivers/stm32f103x8_SPI_Drver.o
 .ARM.attributes
                0x0000000000000269       0x33 Stm32_F103C6_Drivers/stm32f103x8_USART_driver.o
 .ARM.attributes
                0x000000000000029c       0x2d e:/cubeide/stm32cubeide_1.4.0/stm32cubeide/plugins/com.st.stm32cube.ide.mcu.externaltools.gnu-tools-for-stm32.7-2018-q2-update.win32_1.4.0.202007081208/tools/bin/../lib/gcc/arm-none-eabi/7.3.1/../../../../arm-none-eabi/lib/thumb/v7-m\libc_nano.a(lib_a-init.o)
 .ARM.attributes
                0x00000000000002c9       0x1d e:/cubeide/stm32cubeide_1.4.0/stm32cubeide/plugins/com.st.stm32cube.ide.mcu.externaltools.gnu-tools-for-stm32.7-2018-q2-update.win32_1.4.0.202007081208/tools/bin/../lib/gcc/arm-none-eabi/7.3.1/thumb/v7-m/crtn.o
OUTPUT(DoorLock_AUTOSAR_Project.elf elf32-littlearm)

.debug_info     0x0000000000000000     0x83aa
 .debug_info    0x0000000000000000      0xa6d AUTOSAR_Implementation/DIO.o
 .debug_info    0x0000000000000a6d      0x12b AUTOSAR_Implementation/RTE_gen/DoorLock_indication_SWC.o
 .debug_info    0x0000000000000b98      0xa9d AUTOSAR_Implementation/RTE_gen/DoorSensorAbstractionSWC.o
 .debug_info    0x0000000000001635      0xb14 AUTOSAR_Implementation/RTE_gen/Rte_DoorLock_indication_SWC.o
 .debug_info    0x0000000000002149      0xa6d AUTOSAR_Implementation/RTE_gen/Rte_DoorSensorAbstractionSWC.o
 .debug_info    0x0000000000002bb6      0xc13 Src/main.o
 .debug_info    0x00000000000037c9       0x22 Startup/startup_stm32f103c6tx.o
 .debug_info    0x00000000000037eb      0xd79 Stm32_F103C6_Drivers/GPIO/stm32f103x8_gpio_driver.o
 .debug_info    0x0000000000004564      0xdbf Stm32_F103C6_Drivers/stm32f103x8_EXTI_driver.o
 .debug_info    0x0000000000005323     0x1338 Stm32_F103C6_Drivers/stm32f103x8_I2C_Drver.o
 .debug_info    0x000000000000665b      0xf2c Stm32_F103C6_Drivers/stm32f103x8_SPI_Drver.o
 .debug_info    0x0000000000007587      0xe23 Stm32_F103C6_Drivers/stm32f103x8_USART_driver.o

.debug_abbrev   0x0000000000000000     0x14f1
 .debug_abbrev  0x0000000000000000      0x1a8 AUTOSAR_Implementation/DIO.o
 .debug_abbrev  0x00000000000001a8       0xaf AUTOSAR_Implementation/RTE_gen/DoorLock_indication_SWC.o
 .debug_abbrev  0x0000000000000257      0x1a1 AUTOSAR_Implementation/RTE_gen/DoorSensorAbstractionSWC.o
 .debug_abbrev  0x00000000000003f8      0x1d7 AUTOSAR_Implementation/RTE_gen/Rte_DoorLock_indication_SWC.o
 .debug_abbrev  0x00000000000005cf      0x1ae AUTOSAR_Implementation/RTE_gen/Rte_DoorSensorAbstractionSWC.o
 .debug_abbrev  0x000000000000077d      0x208 Src/main.o
 .debug_abbrev  0x0000000000000985       0x12 Startup/startup_stm32f103c6tx.o
 .debug_abbrev  0x0000000000000997      0x232 Stm32_F103C6_Drivers/GPIO/stm32f103x8_gpio_driver.o
 .debug_abbrev  0x0000000000000bc9      0x210 Stm32_F103C6_Drivers/stm32f103x8_EXTI_driver.o
 .debug_abbrev  0x0000000000000dd9      0x2b3 Stm32_F103C6_Drivers/stm32f103x8_I2C_Drver.o
 .debug_abbrev  0x000000000000108c      0x226 Stm32_F103C6_Drivers/stm32f103x8_SPI_Drver.o
 .debug_abbrev  0x00000000000012b2      0x23f Stm32_F103C6_Drivers/stm32f103x8_USART_driver.o

.debug_loc      0x0000000000000000     0x14f4
 .debug_loc     0x0000000000000000       0xa0 AUTOSAR_Implementation/DIO.o
 .debug_loc     0x00000000000000a0       0x50 AUTOSAR_Implementation/RTE_gen/DoorLock_indication_SWC.o
 .debug_loc     0x00000000000000f0       0xa0 AUTOSAR_Implementation/RTE_gen/DoorSensorAbstractionSWC.o
 .debug_loc     0x0000000000000190       0x94 AUTOSAR_Implementation/RTE_gen/Rte_DoorLock_indication_SWC.o
 .debug_loc     0x0000000000000224       0xa0 AUTOSAR_Implementation/RTE_gen/Rte_DoorSensorAbstractionSWC.o
 .debug_loc     0x00000000000002c4      0x110 Src/main.o
 .debug_loc     0x00000000000003d4      0x330 Stm32_F103C6_Drivers/GPIO/stm32f103x8_gpio_driver.o
 .debug_loc     0x0000000000000704      0x320 Stm32_F103C6_Drivers/stm32f103x8_EXTI_driver.o
 .debug_loc     0x0000000000000a24      0x580 Stm32_F103C6_Drivers/stm32f103x8_I2C_Drver.o
 .debug_loc     0x0000000000000fa4      0x2bc Stm32_F103C6_Drivers/stm32f103x8_SPI_Drver.o
 .debug_loc     0x0000000000001260      0x294 Stm32_F103C6_Drivers/stm32f103x8_USART_driver.o

.debug_aranges  0x0000000000000000      0x358
 .debug_aranges
                0x0000000000000000       0x28 AUTOSAR_Implementation/DIO.o
 .debug_aranges
                0x0000000000000028       0x20 AUTOSAR_Implementation/RTE_gen/DoorLock_indication_SWC.o
 .debug_aranges
                0x0000000000000048       0x28 AUTOSAR_Implementation/RTE_gen/DoorSensorAbstractionSWC.o
 .debug_aranges
                0x0000000000000070       0x28 AUTOSAR_Implementation/RTE_gen/Rte_DoorLock_indication_SWC.o
 .debug_aranges
                0x0000000000000098       0x28 AUTOSAR_Implementation/RTE_gen/Rte_DoorSensorAbstractionSWC.o
 .debug_aranges
                0x00000000000000c0       0x38 Src/main.o
 .debug_aranges
                0x00000000000000f8       0x28 Startup/startup_stm32f103c6tx.o
 .debug_aranges
                0x0000000000000120       0x60 Stm32_F103C6_Drivers/GPIO/stm32f103x8_gpio_driver.o
 .debug_aranges
                0x0000000000000180       0x80 Stm32_F103C6_Drivers/stm32f103x8_EXTI_driver.o
 .debug_aranges
                0x0000000000000200       0xa0 Stm32_F103C6_Drivers/stm32f103x8_I2C_Drver.o
 .debug_aranges
                0x00000000000002a0       0x58 Stm32_F103C6_Drivers/stm32f103x8_SPI_Drver.o
 .debug_aranges
                0x00000000000002f8       0x60 Stm32_F103C6_Drivers/stm32f103x8_USART_driver.o

.debug_ranges   0x0000000000000000      0x2a0
 .debug_ranges  0x0000000000000000       0x18 AUTOSAR_Implementation/DIO.o
 .debug_ranges  0x0000000000000018       0x10 AUTOSAR_Implementation/RTE_gen/DoorLock_indication_SWC.o
 .debug_ranges  0x0000000000000028       0x18 AUTOSAR_Implementation/RTE_gen/DoorSensorAbstractionSWC.o
 .debug_ranges  0x0000000000000040       0x18 AUTOSAR_Implementation/RTE_gen/Rte_DoorLock_indication_SWC.o
 .debug_ranges  0x0000000000000058       0x18 AUTOSAR_Implementation/RTE_gen/Rte_DoorSensorAbstractionSWC.o
 .debug_ranges  0x0000000000000070       0x28 Src/main.o
 .debug_ranges  0x0000000000000098       0x20 Startup/startup_stm32f103c6tx.o
 .debug_ranges  0x00000000000000b8       0x50 Stm32_F103C6_Drivers/GPIO/stm32f103x8_gpio_driver.o
 .debug_ranges  0x0000000000000108       0x70 Stm32_F103C6_Drivers/stm32f103x8_EXTI_driver.o
 .debug_ranges  0x0000000000000178       0x90 Stm32_F103C6_Drivers/stm32f103x8_I2C_Drver.o
 .debug_ranges  0x0000000000000208       0x48 Stm32_F103C6_Drivers/stm32f103x8_SPI_Drver.o
 .debug_ranges  0x0000000000000250       0x50 Stm32_F103C6_Drivers/stm32f103x8_USART_driver.o

.debug_macro    0x0000000000000000     0x4413
 .debug_macro   0x0000000000000000      0x14e AUTOSAR_Implementation/DIO.o
 .debug_macro   0x000000000000014e      0xa60 AUTOSAR_Implementation/DIO.o
 .debug_macro   0x0000000000000bae       0x18 AUTOSAR_Implementation/DIO.o
 .debug_macro   0x0000000000000bc6       0x22 AUTOSAR_Implementation/DIO.o
 .debug_macro   0x0000000000000be8       0x40 AUTOSAR_Implementation/DIO.o
 .debug_macro   0x0000000000000c28       0x94 AUTOSAR_Implementation/DIO.o
 .debug_macro   0x0000000000000cbc       0x3c AUTOSAR_Implementation/DIO.o
 .debug_macro   0x0000000000000cf8       0x34 AUTOSAR_Implementation/DIO.o
 .debug_macro   0x0000000000000d2c       0x16 AUTOSAR_Implementation/DIO.o
 .debug_macro   0x0000000000000d42      0x10e AUTOSAR_Implementation/DIO.o
 .debug_macro   0x0000000000000e50       0x8d AUTOSAR_Implementation/DIO.o
 .debug_macro   0x0000000000000edd       0x57 AUTOSAR_Implementation/DIO.o
 .debug_macro   0x0000000000000f34       0x52 AUTOSAR_Implementation/DIO.o
 .debug_macro   0x0000000000000f86       0x1f AUTOSAR_Implementation/DIO.o
 .debug_macro   0x0000000000000fa5       0x43 AUTOSAR_Implementation/DIO.o
 .debug_macro   0x0000000000000fe8       0x20 AUTOSAR_Implementation/DIO.o
 .debug_macro   0x0000000000001008      0x1a3 AUTOSAR_Implementation/DIO.o
 .debug_macro   0x00000000000011ab      0x330 AUTOSAR_Implementation/DIO.o
 .debug_macro   0x00000000000014db       0x16 AUTOSAR_Implementation/DIO.o
 .debug_macro   0x00000000000014f1       0x29 AUTOSAR_Implementation/DIO.o
 .debug_macro   0x000000000000151a       0xef AUTOSAR_Implementation/DIO.o
 .debug_macro   0x0000000000001609       0x6a AUTOSAR_Implementation/DIO.o
 .debug_macro   0x0000000000001673      0x1df AUTOSAR_Implementation/DIO.o
 .debug_macro   0x0000000000001852      0x6b8 AUTOSAR_Implementation/DIO.o
 .debug_macro   0x0000000000001f0a       0xd0 AUTOSAR_Implementation/DIO.o
 .debug_macro   0x0000000000001fda       0x16 AUTOSAR_Implementation/DIO.o
 .debug_macro   0x0000000000001ff0       0xd7 AUTOSAR_Implementation/RTE_gen/DoorLock_indication_SWC.o
 .debug_macro   0x00000000000020c7       0x22 AUTOSAR_Implementation/RTE_gen/DoorLock_indication_SWC.o
 .debug_macro   0x00000000000020e9       0x8e AUTOSAR_Implementation/RTE_gen/DoorLock_indication_SWC.o
 .debug_macro   0x0000000000002177       0x51 AUTOSAR_Implementation/RTE_gen/DoorLock_indication_SWC.o
 .debug_macro   0x00000000000021c8       0x22 AUTOSAR_Implementation/RTE_gen/DoorLock_indication_SWC.o
 .debug_macro   0x00000000000021ea       0x82 AUTOSAR_Implementation/RTE_gen/DoorLock_indication_SWC.o
 .debug_macro   0x000000000000226c       0x40 AUTOSAR_Implementation/RTE_gen/DoorLock_indication_SWC.o
 .debug_macro   0x00000000000022ac       0x10 AUTOSAR_Implementation/RTE_gen/DoorLock_indication_SWC.o
 .debug_macro   0x00000000000022bc       0x1c AUTOSAR_Implementation/RTE_gen/DoorLock_indication_SWC.o
 .debug_macro   0x00000000000022d8      0x1c2 AUTOSAR_Implementation/RTE_gen/DoorSensorAbstractionSWC.o
 .debug_macro   0x000000000000249a       0x7c AUTOSAR_Implementation/RTE_gen/DoorSensorAbstractionSWC.o
 .debug_macro   0x0000000000002516       0x10 AUTOSAR_Implementation/RTE_gen/DoorSensorAbstractionSWC.o
 .debug_macro   0x0000000000002526       0x1c AUTOSAR_Implementation/RTE_gen/DoorSensorAbstractionSWC.o
 .debug_macro   0x0000000000002542      0x191 AUTOSAR_Implementation/RTE_gen/Rte_DoorLock_indication_SWC.o
 .debug_macro   0x00000000000026d3       0x46 AUTOSAR_Implementation/RTE_gen/Rte_DoorLock_indication_SWC.o
 .debug_macro   0x0000000000002719      0x174 AUTOSAR_Implementation/RTE_gen/Rte_DoorLock_indication_SWC.o
 .debug_macro   0x000000000000288d       0x10 AUTOSAR_Implementation/RTE_gen/Rte_DoorLock_indication_SWC.o
 .debug_macro   0x000000000000289d       0x35 AUTOSAR_Implementation/RTE_gen/Rte_DoorLock_indication_SWC.o
 .debug_macro   0x00000000000028d2       0x20 AUTOSAR_Implementation/RTE_gen/Rte_DoorLock_indication_SWC.o
 .debug_macro   0x00000000000028f2      0x191 AUTOSAR_Implementation/RTE_gen/Rte_DoorSensorAbstractionSWC.o
 .debug_macro   0x0000000000002a83      0x26c Src/main.o
 .debug_macro   0x0000000000002cef       0x1c Src/main.o
 .debug_macro   0x0000000000002d0b       0x10 Src/main.o
 .debug_macro   0x0000000000002d1b       0x10 Src/main.o
 .debug_macro   0x0000000000002d2b       0x1c Src/main.o
 .debug_macro   0x0000000000002d47       0x52 Src/main.o
 .debug_macro   0x0000000000002d99       0x40 Src/main.o
 .debug_macro   0x0000000000002dd9       0x10 Src/main.o
 .debug_macro   0x0000000000002de9       0x40 Src/main.o
 .debug_macro   0x0000000000002e29       0xd7 Src/main.o
 .debug_macro   0x0000000000002f00       0x1c Src/main.o
 .debug_macro   0x0000000000002f1c       0x3d Src/main.o
 .debug_macro   0x0000000000002f59       0x16 Src/main.o
 .debug_macro   0x0000000000002f6f      0x145 Src/main.o
 .debug_macro   0x00000000000030b4      0x6be Src/main.o
 .debug_macro   0x0000000000003772       0xa0 Src/main.o
 .debug_macro   0x0000000000003812       0x40 Src/main.o
 .debug_macro   0x0000000000003852      0x228 Src/main.o
 .debug_macro   0x0000000000003a7a       0xe8 Src/main.o
 .debug_macro   0x0000000000003b62       0xcb Src/main.o
 .debug_macro   0x0000000000003c2d       0x67 Src/main.o
 .debug_macro   0x0000000000003c94       0x10 Src/main.o
 .debug_macro   0x0000000000003ca4      0x13f Stm32_F103C6_Drivers/GPIO/stm32f103x8_gpio_driver.o
 .debug_macro   0x0000000000003de3      0x152 Stm32_F103C6_Drivers/stm32f103x8_EXTI_driver.o
 .debug_macro   0x0000000000003f35      0x15d Stm32_F103C6_Drivers/stm32f103x8_I2C_Drver.o
 .debug_macro   0x0000000000004092      0x16b Stm32_F103C6_Drivers/stm32f103x8_SPI_Drver.o
 .debug_macro   0x00000000000041fd       0xc5 Stm32_F103C6_Drivers/stm32f103x8_SPI_Drver.o
 .debug_macro   0x00000000000042c2      0x151 Stm32_F103C6_Drivers/stm32f103x8_USART_driver.o

.debug_line     0x0000000000000000     0x4ad9
 .debug_line    0x0000000000000000      0x5b8 AUTOSAR_Implementation/DIO.o
 .debug_line    0x00000000000005b8      0x4c0 AUTOSAR_Implementation/RTE_gen/DoorLock_indication_SWC.o
 .debug_line    0x0000000000000a78      0x6da AUTOSAR_Implementation/RTE_gen/DoorSensorAbstractionSWC.o
 .debug_line    0x0000000000001152      0x639 AUTOSAR_Implementation/RTE_gen/Rte_DoorLock_indication_SWC.o
 .debug_line    0x000000000000178b      0x638 AUTOSAR_Implementation/RTE_gen/Rte_DoorSensorAbstractionSWC.o
 .debug_line    0x0000000000001dc3      0x7ae Src/main.o
 .debug_line    0x0000000000002571       0x84 Startup/startup_stm32f103c6tx.o
 .debug_line    0x00000000000025f5      0x6dd Stm32_F103C6_Drivers/GPIO/stm32f103x8_gpio_driver.o
 .debug_line    0x0000000000002cd2      0x77a Stm32_F103C6_Drivers/stm32f103x8_EXTI_driver.o
 .debug_line    0x000000000000344c      0x868 Stm32_F103C6_Drivers/stm32f103x8_I2C_Drver.o
 .debug_line    0x0000000000003cb4      0x72a Stm32_F103C6_Drivers/stm32f103x8_SPI_Drver.o
 .debug_line    0x00000000000043de      0x6fb Stm32_F103C6_Drivers/stm32f103x8_USART_driver.o

.debug_str      0x0000000000000000     0xe5bc
 .debug_str     0x0000000000000000     0x94dc AUTOSAR_Implementation/DIO.o
                                       0x9742 (size before relaxing)
 .debug_str     0x00000000000094dc      0x870 AUTOSAR_Implementation/RTE_gen/DoorLock_indication_SWC.o
                                       0x44b9 (size before relaxing)
 .debug_str     0x0000000000009d4c      0x214 AUTOSAR_Implementation/RTE_gen/DoorSensorAbstractionSWC.o
                                       0x9fd1 (size before relaxing)
 .debug_str     0x0000000000009f60      0x239 AUTOSAR_Implementation/RTE_gen/Rte_DoorLock_indication_SWC.o
                                       0x7937 (size before relaxing)
 .debug_str     0x000000000000a199       0xf0 AUTOSAR_Implementation/RTE_gen/Rte_DoorSensorAbstractionSWC.o
                                       0x77f3 (size before relaxing)
 .debug_str     0x000000000000a289     0x3702 Src/main.o
                                       0xce1b (size before relaxing)
 .debug_str     0x000000000000d98b       0x31 Startup/startup_stm32f103c6tx.o
                                         0x93 (size before relaxing)
 .debug_str     0x000000000000d9bc      0x120 Stm32_F103C6_Drivers/GPIO/stm32f103x8_gpio_driver.o
                                       0x9891 (size before relaxing)
 .debug_str     0x000000000000dadc      0x270 Stm32_F103C6_Drivers/stm32f103x8_EXTI_driver.o
                                       0xace3 (size before relaxing)
 .debug_str     0x000000000000dd4c      0x476 Stm32_F103C6_Drivers/stm32f103x8_I2C_Drver.o
                                       0x9ea1 (size before relaxing)
 .debug_str     0x000000000000e1c2      0x28f Stm32_F103C6_Drivers/stm32f103x8_SPI_Drver.o
                                       0x9fb1 (size before relaxing)
 .debug_str     0x000000000000e451      0x16b Stm32_F103C6_Drivers/stm32f103x8_USART_driver.o
                                       0x9faf (size before relaxing)

.comment        0x0000000000000000       0x7b
 .comment       0x0000000000000000       0x7b AUTOSAR_Implementation/DIO.o
                                         0x7c (size before relaxing)
 .comment       0x000000000000007b       0x7c AUTOSAR_Implementation/RTE_gen/DoorLock_indication_SWC.o
 .comment       0x000000000000007b       0x7c AUTOSAR_Implementation/RTE_gen/DoorSensorAbstractionSWC.o
 .comment       0x000000000000007b       0x7c AUTOSAR_Implementation/RTE_gen/Rte_DoorLock_indication_SWC.o
 .comment       0x000000000000007b       0x7c AUTOSAR_Implementation/RTE_gen/Rte_DoorSensorAbstractionSWC.o
 .comment       0x000000000000007b       0x7c Src/main.o
 .comment       0x000000000000007b       0x7c Stm32_F103C6_Drivers/GPIO/stm32f103x8_gpio_driver.o
 .comment       0x000000000000007b       0x7c Stm32_F103C6_Drivers/stm32f103x8_EXTI_driver.o
 .comment       0x000000000000007b       0x7c Stm32_F103C6_Drivers/stm32f103x8_I2C_Drver.o
 .comment       0x000000000000007b       0x7c Stm32_F103C6_Drivers/stm32f103x8_SPI_Drver.o
 .comment       0x000000000000007b       0x7c Stm32_F103C6_Drivers/stm32f103x8_USART_driver.o

.debug_frame    0x0000000000000000      0xa98
 .debug_frame   0x0000000000000000       0x58 AUTOSAR_Implementation/DIO.o
 .debug_frame   0x0000000000000058       0x34 AUTOSAR_Implementation/RTE_gen/DoorLock_indication_SWC.o
 .debug_frame   0x000000000000008c       0x58 AUTOSAR_Implementation/RTE_gen/DoorSensorAbstractionSWC.o
 .debug_frame   0x00000000000000e4       0x54 AUTOSAR_Implementation/RTE_gen/Rte_DoorLock_indication_SWC.o
 .debug_frame   0x0000000000000138       0x58 AUTOSAR_Implementation/RTE_gen/Rte_DoorSensorAbstractionSWC.o
 .debug_frame   0x0000000000000190       0x98 Src/main.o
 .debug_frame   0x0000000000000228      0x178 Stm32_F103C6_Drivers/GPIO/stm32f103x8_gpio_driver.o
 .debug_frame   0x00000000000003a0      0x1b0 Stm32_F103C6_Drivers/stm32f103x8_EXTI_driver.o
 .debug_frame   0x0000000000000550      0x288 Stm32_F103C6_Drivers/stm32f103x8_I2C_Drver.o
 .debug_frame   0x00000000000007d8      0x148 Stm32_F103C6_Drivers/stm32f103x8_SPI_Drver.o
 .debug_frame   0x0000000000000920      0x14c Stm32_F103C6_Drivers/stm32f103x8_USART_driver.o
 .debug_frame   0x0000000000000a6c       0x2c e:/cubeide/stm32cubeide_1.4.0/stm32cubeide/plugins/com.st.stm32cube.ide.mcu.externaltools.gnu-tools-for-stm32.7-2018-q2-update.win32_1.4.0.202007081208/tools/bin/../lib/gcc/arm-none-eabi/7.3.1/../../../../arm-none-eabi/lib/thumb/v7-m\libc_nano.a(lib_a-init.o)
